// Jest Snapshot v1, https://goo.gl/fbAQLP

exports[`HintHOC should render component 1`] = `
<styled.div>
  <WrappedComponent
    message=""
  />
  <styled.div
    pointerAlign="left"
    pointerDirection="bottom"
    position={
      Object {
        "posX": 0,
        "posY": 0,
      }
    }
    theme={
      Object {
        "borderRadius": "",
        "color": Object {
          "neutral": Object {
            "80": "",
            "white": "",
          },
          "primary": Object {
            "40": "",
          },
        },
      }
    }
    width={488}
  >
    <styled.div
      onClick={[Function]}
      theme={
        Object {
          "borderRadius": "",
          "color": Object {
            "neutral": Object {
              "80": "",
              "white": "",
            },
            "primary": Object {
              "40": "",
            },
          },
        }
      }
    >
      <ReactComponent
        height={20}
        width={20}
      />
    </styled.div>
    <Body2Long />
  </styled.div>
</styled.div>
`;
